../Core/Src/DeviceManager/device_output_manager.c:64:13:publish_state	88	static
../Core/Src/DeviceManager/device_output_manager.c:69:6:DEVICE_MANAGER_init	16	static
../Core/Src/DeviceManager/device_output_manager.c:96:6:DEVICE_MANAGER_run	8	static
../Core/Src/DeviceManager/device_output_manager.c:101:6:DEVICE_MANAGER_get_data_sensor	16	static
../Core/Src/DeviceManager/device_output_manager.c:107:7:DEVICE_MANAGER_get_setpoint	16	static
../Core/Src/DeviceManager/device_output_manager.c:110:6:DEVICE_MANAGER_change_setpoint	24	static
../Core/Src/DeviceManager/device_output_manager.c:133:6:DEVICE_MANAGER_set_value_condition	24	static
../Core/Src/DeviceManager/device_output_manager.c:138:6:DEVICE_MANAGER_clear_under_remote_control	16	static
../Core/Src/DeviceManager/device_output_manager.c:148:6:DEVICE_MANAGER_under_remote_control	16	static
../Core/Src/DeviceManager/device_output_manager.c:164:13:PUMP_run	8	static
../Core/Src/DeviceManager/device_output_manager.c:205:13:device_under_remote_control	16	static
../Core/Src/DeviceManager/device_output_manager.c:215:14:cc_mean	24	static
../Core/Src/DeviceManager/device_output_manager.c:224:13:PUMP_set_flag_con	8	static
../Core/Src/DeviceManager/device_output_manager.c:227:13:PUMP_get_humi_value	8	static
../Core/Src/DeviceManager/device_output_manager.c:241:13:PUMP_timeout	8	static
